// Jest Snapshot v1, https://goo.gl/fbAQLP

exports[`Pruebas en <AppRouter></AppRouter> Debe de mostrarse correctamente  1`] = `
<div>
  <nav
    className="navbar navbar-expand-sm navbar-dark bg-dark"
  >
    <a
      className="navbar-brand"
      href="/"
      onClick={[Function]}
    >
      useContext
    </a>
    <div
      className="collapse navbar-collapse"
      id="navbarNavAltMarkup"
    >
      <div
        className="navbar-nav"
      >
        <a
          aria-current="page"
          className="nav-link active"
          href="/"
          onClick={[Function]}
          style={Object {}}
        >
          Home
        </a>
        <a
          aria-current={null}
          className="nav-link"
          href="/about"
          onClick={[Function]}
        >
          About
        </a>
        <a
          aria-current={null}
          className="nav-link"
          href="/login"
          onClick={[Function]}
        >
          Login
        </a>
      </div>
    </div>
  </nav>
  <div>
    <h1>
      Home Screen - PÃ¡gina inicial
    </h1>
    <hr />
    <pre>
      {
   "id": 1,
   "name": "Victor"
}
    </pre>
  </div>
</div>
`;
