// Jest Snapshot v1, https://goo.gl/fbAQLP

exports[`Pruebas en <HomeScreen /> Debe mostrarse correctamente  1`] = `
<div>
  <h1>
    Home Screen - PÃ¡gina inicial
  </h1>
  <hr />
  <pre>
    {
   "name": "Victor",
   "email": "victor@gmail.com"
}
  </pre>
</div>
`;
